Startpoint: rst_ni (input port clocked by clk)
Endpoint: _36845_ (recovery check against rising-edge clock clk)
Path Group: asynchronous
Path Type: max

     Cap     Slew    Delay     Time   Description
---------------------------------------------------------------------------
            0.000    0.000    0.000   clock clk (rise edge)
                     0.000    0.000   clock network delay (ideal)
                     0.000    0.000 ^ input external delay
  10.555    0.000    0.000    0.000 ^ rst_ni (in)
            0.000    0.000    0.000 ^ _36845_/RESET_B (sg13g2_dfrbpq_1)
                              0.000   data arrival time

            0.000   20.000   20.000   clock clk (rise edge)
                     0.000   20.000   clock network delay (ideal)
                     0.000   20.000   clock reconvergence pessimism
                             20.000 ^ _36845_/CLK (sg13g2_dfrbpq_1)
                    -0.117   19.883   library recovery time
                             19.883   data required time
---------------------------------------------------------------------------
                             19.883   data required time
                             -0.000   data arrival time
---------------------------------------------------------------------------
                             19.883   slack (MET)


Startpoint: _38505_ (rising edge-triggered flip-flop clocked by clk)
Endpoint: _38588_ (rising edge-triggered flip-flop clocked by clk)
Path Group: clk
Path Type: max

     Cap     Slew    Delay     Time   Description
---------------------------------------------------------------------------
            0.000    0.000    0.000   clock clk (rise edge)
                     0.000    0.000   clock network delay (ideal)
            0.000    0.000    0.000 ^ _38505_/CLK (sg13g2_dfrbpq_1)
   0.775    3.123    2.290    2.290 ^ _38505_/Q (sg13g2_dfrbpq_1)
   0.635    2.600    3.554    5.844 v _18367_/Y (sg13g2_inv_1)
   0.442    3.712    3.875    9.719 ^ _19572_/Y (sg13g2_nor2_1)
   0.003    0.485    0.474   10.192 v _19630_/Y (sg13g2_a221oi_1)
   0.003    0.061    0.210   10.403 v _19631_/X (sg13g2_a21o_1)
   0.003    0.043    0.124   10.527 v _19638_/X (sg13g2_a21o_1)
   0.011    0.188    0.140   10.667 ^ _19640_/Y (sg13g2_o21ai_1)
   0.006    0.112    0.139   10.806 ^ _19642_/Y (sg13g2_xnor2_1)
   0.005    0.106    0.113   10.919 v _19644_/Y (sg13g2_nand3_1)
   0.009    0.043    0.114   11.033 v _19714_/Y (sg13g2_nor2b_1)
   0.009    0.126    0.129   11.163 ^ _19779_/Y (sg13g2_o21ai_1)
   0.005    0.062    0.082   11.245 v _19880_/Y (sg13g2_nand2_1)
   0.010    0.118    0.124   11.369 ^ _19881_/Y (sg13g2_a21oi_1)
   0.008    0.076    0.101   11.470 v _19963_/Y (sg13g2_o21ai_1)
   0.005    0.076    0.101   11.571 ^ _20030_/Y (sg13g2_a21oi_1)
   0.009    0.087    0.063   11.634 v _20055_/Y (sg13g2_a21oi_1)
   0.006    0.030    0.098   11.732 v _20160_/X (sg13g2_and2_1)
   0.003    0.084    0.077   11.809 ^ _20162_/Y (sg13g2_nor3_1)
   0.008    0.044    0.061   11.870 v _20224_/Y (sg13g2_nor2_1)
   0.006    0.029    0.085   11.954 v _20283_/X (sg13g2_and2_1)
   0.003    0.084    0.076   12.030 ^ _20285_/Y (sg13g2_nor3_1)
   0.008    0.114    0.065   12.095 v _20313_/Y (sg13g2_a21oi_1)
   0.006    0.039    0.141   12.236 v _20409_/X (sg13g2_or2_1)
   0.011    0.129    0.122   12.358 ^ _20411_/Y (sg13g2_a21oi_1)
   0.006    0.126    0.133   12.491 v _20638_/Y (sg13g2_nand4_1)
   0.008    0.104    0.122   12.613 ^ _20676_/Y (sg13g2_a21oi_1)
   0.010    0.055    0.127   12.740 ^ _20777_/X (sg13g2_and2_1)
   0.006    0.059    0.074   12.814 v _20899_/Y (sg13g2_a21oi_1)
   0.009    0.047    0.140   12.954 v _20939_/X (sg13g2_a21o_1)
   0.009    0.109    0.099   13.052 ^ _21018_/Y (sg13g2_nor2_1)
   0.008    0.080    0.106   13.159 v _21139_/Y (sg13g2_a21oi_1)
   0.005    0.037    0.128   13.287 v _21173_/X (sg13g2_or2_1)
   0.006    0.069    0.091   13.379 v _21265_/Y (sg13g2_nand2b_1)
   0.003    0.055    0.069   13.448 ^ _21390_/Y (sg13g2_nor2_1)
   0.009    0.068    0.064   13.512 v _21392_/Y (sg13g2_nor4_1)
   0.009    0.133    0.139   13.651 ^ _21442_/Y (sg13g2_o21ai_1)
   0.003    0.050    0.069   13.720 v _21479_/Y (sg13g2_nand2_1)
   0.008    0.069    0.059   13.779 ^ _21551_/Y (sg13g2_nand2_1)
   0.006    0.045    0.123   13.903 ^ _21578_/X (sg13g2_a21o_1)
   0.003    0.089    0.059   13.961 v _21614_/Y (sg13g2_a21oi_1)
   0.003    0.091    0.057   14.019 ^ _21615_/Y (sg13g2_o21ai_1)
   0.006    0.154    0.074   14.093 v _21616_/Y (sg13g2_o21ai_1)
   0.003    0.065    0.071   14.164 ^ _21617_/Y (sg13g2_nand2_1)
   0.006    0.231    0.084   14.248 v _21618_/Y (sg13g2_a21oi_1)
   0.007    0.095    0.125   14.372 ^ _21621_/Y (sg13g2_nor2_1)
   0.003    0.126    0.071   14.443 v _21622_/Y (sg13g2_o21ai_1)
   0.001    0.050    0.139   14.583 v _36542_/X (sg13g2_mux2_1)
            0.050    0.000   14.583 v _38588_/D (sg13g2_dfrbpq_1)
                             14.583   data arrival time

            0.000   20.000   20.000   clock clk (rise edge)
                     0.000   20.000   clock network delay (ideal)
                     0.000   20.000   clock reconvergence pessimism
                             20.000 ^ _38588_/CLK (sg13g2_dfrbpq_1)
                    -0.128   19.872   library setup time
                             19.872   data required time
---------------------------------------------------------------------------
                             19.872   data required time
                            -14.583   data arrival time
---------------------------------------------------------------------------
                              5.289   slack (MET)


