Startpoint: rst_ni (input port clocked by clk)
Endpoint: _39218_ (recovery check against rising-edge clock clk)
Path Group: asynchronous
Path Type: max

     Cap     Slew    Delay     Time   Description
---------------------------------------------------------------------------
            0.000    0.000    0.000   clock clk (rise edge)
                     0.000    0.000   clock network delay (ideal)
                     0.000    0.000 ^ input external delay
  11.106    0.000    0.000    0.000 ^ rst_ni (in)
            0.000    0.000    0.000 ^ _39218_/RESET_B (sg13g2_dfrbpq_1)
                              0.000   data arrival time

            0.000   20.000   20.000   clock clk (rise edge)
                     0.000   20.000   clock network delay (ideal)
                     0.000   20.000   clock reconvergence pessimism
                             20.000 ^ _39218_/CLK (sg13g2_dfrbpq_1)
                    -0.117   19.883   library recovery time
                             19.883   data required time
---------------------------------------------------------------------------
                             19.883   data required time
                             -0.000   data arrival time
---------------------------------------------------------------------------
                             19.883   slack (MET)


Startpoint: _40983_ (rising edge-triggered flip-flop clocked by clk)
Endpoint: _41066_ (rising edge-triggered flip-flop clocked by clk)
Path Group: clk
Path Type: max

     Cap     Slew    Delay     Time   Description
---------------------------------------------------------------------------
            0.000    0.000    0.000   clock clk (rise edge)
                     0.000    0.000   clock network delay (ideal)
            0.000    0.000    0.000 ^ _40983_/CLK (sg13g2_dfrbpq_1)
   0.775    3.127    2.292    2.292 ^ _40983_/Q (sg13g2_dfrbpq_1)
   0.636    2.605    3.562    5.854 v _19618_/Y (sg13g2_inv_1)
   0.434    3.655    3.824    9.677 ^ _20790_/Y (sg13g2_nor2_1)
   0.003    0.466    0.380   10.058 v _20830_/Y (sg13g2_a221oi_1)
   0.003    0.236    0.110   10.168 ^ _20831_/Y (sg13g2_o21ai_1)
   0.003    0.261    0.083   10.250 v _20832_/Y (sg13g2_o21ai_1)
   0.003    0.159    0.141   10.391 ^ _20842_/Y (sg13g2_o21ai_1)
   0.011    0.067    0.164   10.556 ^ _20854_/X (sg13g2_mux2_1)
   0.008    0.078    0.090   10.645 v _20856_/Y (sg13g2_xnor2_1)
   0.006    0.049    0.062   10.707 ^ _20857_/Y (sg13g2_nand2b_1)
   0.005    0.056    0.073   10.780 v _21119_/Y (sg13g2_a21oi_1)
   0.009    0.045    0.124   10.904 v _21145_/X (sg13g2_or2_1)
   0.007    0.110    0.122   11.026 ^ _21248_/Y (sg13g2_o21ai_1)
   0.006    0.062    0.104   11.131 ^ _21249_/Y (sg13g2_nand2b_1)
   0.008    0.081    0.093   11.223 v _21317_/Y (sg13g2_a21oi_1)
   0.006    0.106    0.121   11.344 ^ _21383_/Y (sg13g2_o21ai_1)
   0.008    0.073    0.090   11.435 v _21408_/Y (sg13g2_o21ai_1)
   0.005    0.029    0.091   11.526 v _21507_/X (sg13g2_and2_1)
   0.009    0.123    0.118   11.643 ^ _21509_/Y (sg13g2_o21ai_1)
   0.006    0.083    0.118   11.761 v _21622_/Y (sg13g2_nand3_1)
   0.005    0.054    0.071   11.832 ^ _21624_/Y (sg13g2_nand3_1)
   0.009    0.066    0.080   11.912 v _21646_/Y (sg13g2_nand2_1)
   0.005    0.086    0.090   12.002 ^ _21747_/Y (sg13g2_a21oi_1)
   0.008    0.045    0.101   12.103 ^ _21748_/X (sg13g2_or2_1)
   0.009    0.077    0.087   12.190 ^ _21841_/Y (sg13g2_nand2b_1)
   0.003    0.032    0.051   12.241 v _21961_/Y (sg13g2_nor2_1)
   0.005    0.155    0.154   12.396 ^ _21963_/Y (sg13g2_nor4_1)
   0.009    0.068    0.126   12.521 ^ _22005_/Y (sg13g2_nand2b_1)
   0.009    0.043    0.058   12.580 v _22098_/Y (sg13g2_nor2b_1)
   0.006    0.179    0.161   12.740 ^ _22224_/Y (sg13g2_a221oi_1)
   0.009    0.053    0.169   12.909 ^ _22262_/X (sg13g2_a21o_1)
   0.008    0.043    0.052   12.961 v _22352_/Y (sg13g2_nor2b_1)
   0.003    0.061    0.038   12.999 ^ _22473_/Y (sg13g2_nand3_1)
   0.006    0.043    0.123   13.122 ^ _22476_/X (sg13g2_and3_1)
   0.009    0.057    0.053   13.175 v _22511_/Y (sg13g2_nor2_1)
   0.006    0.064    0.050   13.225 ^ _22596_/Y (sg13g2_nand2_1)
   0.006    0.037    0.054   13.280 v _22723_/Y (sg13g2_nor2_1)
   0.005    0.092    0.103   13.383 ^ _22767_/Y (sg13g2_o21ai_1)
   0.008    0.100    0.147   13.530 ^ _22786_/Y (sg13g2_nor2b_1)
   0.006    0.045    0.069   13.599 v _22825_/Y (sg13g2_nor2_1)
   0.005    0.098    0.100   13.698 ^ _22890_/Y (sg13g2_o21ai_1)
   0.006    0.059    0.082   13.780 v _22918_/Y (sg13g2_nand2_1)
   0.004    0.083    0.084   13.864 ^ _22954_/Y (sg13g2_xnor2_1)
   0.006    0.110    0.081   13.945 v _22955_/Y (sg13g2_o21ai_1)
   0.003    0.047    0.062   14.007 ^ _22956_/Y (sg13g2_nand2_1)
   0.003    0.075    0.082   14.088 v _22964_/Y (sg13g2_nand4_1)
   0.006    0.115    0.062   14.151 ^ _22965_/Y (sg13g2_nand2_1)
   0.006    0.062    0.081   14.232 v _22968_/Y (sg13g2_nand2_1)
   0.003    0.044    0.121   14.353 v _22969_/X (sg13g2_mux2_1)
   0.001    0.059    0.109   14.462 v _38923_/X (sg13g2_mux2_1)
            0.059    0.000   14.462 v _41066_/D (sg13g2_dfrbpq_1)
                             14.462   data arrival time

            0.000   20.000   20.000   clock clk (rise edge)
                     0.000   20.000   clock network delay (ideal)
                     0.000   20.000   clock reconvergence pessimism
                             20.000 ^ _41066_/CLK (sg13g2_dfrbpq_1)
                    -0.132   19.868   library setup time
                             19.868   data required time
---------------------------------------------------------------------------
                             19.868   data required time
                            -14.462   data arrival time
---------------------------------------------------------------------------
                              5.407   slack (MET)


