Startpoint: rst_ni (input port clocked by clk)
Endpoint: _36845_ (recovery check against rising-edge clock clk)
Path Group: asynchronous
Path Type: max

     Cap     Slew    Delay     Time   Description
---------------------------------------------------------------------------
            0.000    0.000    0.000   clock clk (rise edge)
                     0.000    0.000   clock network delay (ideal)
                     0.000    0.000 ^ input external delay
   9.644    0.000    0.000    0.000 ^ rst_ni (in)
            0.000    0.000    0.000 ^ _36845_/RESET_B (sg13g2_dfrbpq_1)
                              0.000   data arrival time

            0.000   20.000   20.000   clock clk (rise edge)
                     0.000   20.000   clock network delay (ideal)
                     0.000   20.000   clock reconvergence pessimism
                             20.000 ^ _36845_/CLK (sg13g2_dfrbpq_1)
                    -0.199   19.801   library recovery time
                             19.801   data required time
---------------------------------------------------------------------------
                             19.801   data required time
                             -0.000   data arrival time
---------------------------------------------------------------------------
                             19.801   slack (MET)


Startpoint: _38505_ (rising edge-triggered flip-flop clocked by clk)
Endpoint: _38588_ (rising edge-triggered flip-flop clocked by clk)
Path Group: clk
Path Type: max

     Cap     Slew    Delay     Time   Description
---------------------------------------------------------------------------
            0.000    0.000    0.000   clock clk (rise edge)
                     0.000    0.000   clock network delay (ideal)
            0.000    0.000    0.000 ^ _38505_/CLK (sg13g2_dfrbpq_1)
   0.726    4.517    3.374    3.374 ^ _38505_/Q (sg13g2_dfrbpq_1)
   0.587    3.703    5.519    8.894 v _18367_/Y (sg13g2_inv_1)
   0.416    5.219    5.679   14.572 ^ _19572_/Y (sg13g2_nor2_1)
   0.002    0.826    0.881   15.454 v _19630_/Y (sg13g2_a221oi_1)
   0.003    0.101    0.355   15.808 v _19631_/X (sg13g2_a21o_1)
   0.003    0.068    0.200   16.008 v _19638_/X (sg13g2_a21o_1)
   0.011    0.275    0.209   16.217 ^ _19640_/Y (sg13g2_o21ai_1)
   0.005    0.162    0.223   16.440 ^ _19642_/Y (sg13g2_xnor2_1)
   0.005    0.164    0.182   16.621 v _19644_/Y (sg13g2_nand3_1)
   0.008    0.067    0.183   16.804 v _19714_/Y (sg13g2_nor2b_1)
   0.008    0.181    0.194   16.998 ^ _19779_/Y (sg13g2_o21ai_1)
   0.005    0.095    0.129   17.127 v _19880_/Y (sg13g2_nand2_1)
   0.009    0.173    0.193   17.319 ^ _19881_/Y (sg13g2_a21oi_1)
   0.008    0.118    0.163   17.482 v _19963_/Y (sg13g2_o21ai_1)
   0.005    0.111    0.159   17.641 ^ _20030_/Y (sg13g2_a21oi_1)
   0.008    0.133    0.099   17.740 v _20055_/Y (sg13g2_a21oi_1)
   0.005    0.047    0.156   17.896 v _20160_/X (sg13g2_and2_1)
   0.003    0.126    0.121   18.017 ^ _20162_/Y (sg13g2_nor3_1)
   0.007    0.067    0.098   18.114 v _20224_/Y (sg13g2_nor2_1)
   0.005    0.046    0.135   18.250 v _20283_/X (sg13g2_and2_1)
   0.003    0.127    0.120   18.369 ^ _20285_/Y (sg13g2_nor3_1)
   0.008    0.171    0.102   18.472 v _20313_/Y (sg13g2_a21oi_1)
   0.005    0.060    0.224   18.696 v _20409_/X (sg13g2_or2_1)
   0.010    0.189    0.187   18.883 ^ _20411_/Y (sg13g2_a21oi_1)
   0.005    0.195    0.210   19.093 v _20638_/Y (sg13g2_nand4_1)
   0.007    0.153    0.193   19.286 ^ _20676_/Y (sg13g2_a21oi_1)
   0.009    0.082    0.199   19.485 ^ _20777_/X (sg13g2_and2_1)
   0.005    0.091    0.119   19.604 v _20899_/Y (sg13g2_a21oi_1)
   0.008    0.072    0.220   19.824 v _20939_/X (sg13g2_a21o_1)
   0.009    0.161    0.152   19.977 ^ _21018_/Y (sg13g2_nor2_1)
   0.007    0.122    0.166   20.143 v _21139_/Y (sg13g2_a21oi_1)
   0.005    0.057    0.204   20.347 v _21173_/X (sg13g2_or2_1)
   0.006    0.107    0.145   20.492 v _21265_/Y (sg13g2_nand2b_1)
   0.003    0.083    0.112   20.604 ^ _21390_/Y (sg13g2_nor2_1)
   0.008    0.104    0.103   20.707 v _21392_/Y (sg13g2_nor4_1)
   0.008    0.193    0.210   20.917 ^ _21442_/Y (sg13g2_o21ai_1)
   0.003    0.078    0.111   21.028 v _21479_/Y (sg13g2_nand2_1)
   0.008    0.107    0.094   21.121 ^ _21551_/Y (sg13g2_nand2_1)
   0.006    0.067    0.200   21.322 ^ _21578_/X (sg13g2_a21o_1)
   0.003    0.140    0.095   21.417 v _21614_/Y (sg13g2_a21oi_1)
   0.003    0.134    0.091   21.508 ^ _21615_/Y (sg13g2_o21ai_1)
   0.005    0.240    0.116   21.624 v _21616_/Y (sg13g2_o21ai_1)
   0.003    0.105    0.118   21.742 ^ _21617_/Y (sg13g2_nand2_1)
   0.006    0.371    0.138   21.881 v _21618_/Y (sg13g2_a21oi_1)
   0.006    0.145    0.208   22.089 ^ _21621_/Y (sg13g2_nor2_1)
   0.003    0.196    0.115   22.204 v _21622_/Y (sg13g2_o21ai_1)
   0.001    0.076    0.224   22.428 v _36542_/X (sg13g2_mux2_1)
            0.076    0.000   22.428 v _38588_/D (sg13g2_dfrbpq_1)
                             22.428   data arrival time

            0.000   20.000   20.000   clock clk (rise edge)
                     0.000   20.000   clock network delay (ideal)
                     0.000   20.000   clock reconvergence pessimism
                             20.000 ^ _38588_/CLK (sg13g2_dfrbpq_1)
                    -0.211   19.789   library setup time
                             19.789   data required time
---------------------------------------------------------------------------
                             19.789   data required time
                            -22.428   data arrival time
---------------------------------------------------------------------------
                             -2.639   slack (VIOLATED)


