Startpoint: rst_ni (input port clocked by clk)
Endpoint: _39218_ (recovery check against rising-edge clock clk)
Path Group: asynchronous
Path Type: max

     Cap     Slew    Delay     Time   Description
---------------------------------------------------------------------------
            0.000    0.000    0.000   clock clk (rise edge)
                     0.000    0.000   clock network delay (ideal)
                     0.000    0.000 ^ input external delay
  10.147    0.000    0.000    0.000 ^ rst_ni (in)
            0.000    0.000    0.000 ^ _39218_/RESET_B (sg13g2_dfrbpq_1)
                              0.000   data arrival time

            0.000   20.000   20.000   clock clk (rise edge)
                     0.000   20.000   clock network delay (ideal)
                     0.000   20.000   clock reconvergence pessimism
                             20.000 ^ _39218_/CLK (sg13g2_dfrbpq_1)
                    -0.199   19.801   library recovery time
                             19.801   data required time
---------------------------------------------------------------------------
                             19.801   data required time
                             -0.000   data arrival time
---------------------------------------------------------------------------
                             19.801   slack (MET)


Startpoint: _40983_ (rising edge-triggered flip-flop clocked by clk)
Endpoint: _41066_ (rising edge-triggered flip-flop clocked by clk)
Path Group: clk
Path Type: max

     Cap     Slew    Delay     Time   Description
---------------------------------------------------------------------------
            0.000    0.000    0.000   clock clk (rise edge)
                     0.000    0.000   clock network delay (ideal)
            0.000    0.000    0.000 ^ _40983_/CLK (sg13g2_dfrbpq_1)
   0.727    4.526    3.380    3.380 ^ _40983_/Q (sg13g2_dfrbpq_1)
   0.588    3.710    5.533    8.913 v _19618_/Y (sg13g2_inv_1)
   0.408    5.137    5.606   14.520 ^ _20790_/Y (sg13g2_nor2_1)
   0.003    0.761    0.689   15.209 v _20830_/Y (sg13g2_a221oi_1)
   0.003    0.377    0.186   15.394 ^ _20831_/Y (sg13g2_o21ai_1)
   0.003    0.438    0.141   15.535 v _20832_/Y (sg13g2_o21ai_1)
   0.003    0.243    0.229   15.764 ^ _20842_/Y (sg13g2_o21ai_1)
   0.011    0.101    0.261   16.026 ^ _20854_/X (sg13g2_mux2_1)
   0.008    0.120    0.145   16.171 v _20856_/Y (sg13g2_xnor2_1)
   0.005    0.072    0.099   16.270 ^ _20857_/Y (sg13g2_nand2b_1)
   0.005    0.087    0.117   16.387 v _21119_/Y (sg13g2_a21oi_1)
   0.008    0.069    0.195   16.583 v _21145_/X (sg13g2_or2_1)
   0.007    0.159    0.183   16.766 ^ _21248_/Y (sg13g2_o21ai_1)
   0.006    0.092    0.165   16.931 ^ _21249_/Y (sg13g2_nand2b_1)
   0.008    0.127    0.149   17.079 v _21317_/Y (sg13g2_a21oi_1)
   0.006    0.155    0.184   17.264 ^ _21383_/Y (sg13g2_o21ai_1)
   0.008    0.113    0.140   17.404 v _21408_/Y (sg13g2_o21ai_1)
   0.005    0.046    0.147   17.551 v _21507_/X (sg13g2_and2_1)
   0.008    0.177    0.175   17.726 ^ _21509_/Y (sg13g2_o21ai_1)
   0.005    0.130    0.187   17.913 v _21622_/Y (sg13g2_nand3_1)
   0.005    0.079    0.114   18.027 ^ _21624_/Y (sg13g2_nand3_1)
   0.008    0.102    0.127   18.154 v _21646_/Y (sg13g2_nand2_1)
   0.005    0.127    0.142   18.296 ^ _21747_/Y (sg13g2_a21oi_1)
   0.007    0.067    0.161   18.456 ^ _21748_/X (sg13g2_or2_1)
   0.009    0.114    0.138   18.595 ^ _21841_/Y (sg13g2_nand2b_1)
   0.003    0.049    0.083   18.677 v _21961_/Y (sg13g2_nor2_1)
   0.005    0.231    0.237   18.914 ^ _21963_/Y (sg13g2_nor4_1)
   0.009    0.100    0.200   19.114 ^ _22005_/Y (sg13g2_nand2b_1)
   0.008    0.066    0.094   19.208 v _22098_/Y (sg13g2_nor2b_1)
   0.006    0.264    0.246   19.454 ^ _22224_/Y (sg13g2_a221oi_1)
   0.008    0.079    0.271   19.725 ^ _22262_/X (sg13g2_a21o_1)
   0.008    0.067    0.084   19.809 v _22352_/Y (sg13g2_nor2b_1)
   0.002    0.091    0.062   19.871 ^ _22473_/Y (sg13g2_nand3_1)
   0.005    0.064    0.198   20.069 ^ _22476_/X (sg13g2_and3_1)
   0.008    0.088    0.086   20.155 v _22511_/Y (sg13g2_nor2_1)
   0.006    0.096    0.081   20.236 ^ _22596_/Y (sg13g2_nand2_1)
   0.005    0.057    0.089   20.325 v _22723_/Y (sg13g2_nor2_1)
   0.005    0.132    0.155   20.480 ^ _22767_/Y (sg13g2_o21ai_1)
   0.008    0.149    0.228   20.707 ^ _22786_/Y (sg13g2_nor2b_1)
   0.006    0.069    0.109   20.816 v _22825_/Y (sg13g2_nor2_1)
   0.005    0.143    0.151   20.967 ^ _22890_/Y (sg13g2_o21ai_1)
   0.005    0.094    0.129   21.096 v _22918_/Y (sg13g2_nand2_1)
   0.003    0.072    0.160   21.255 v _22954_/Y (sg13g2_xnor2_1)
   0.006    0.249    0.159   21.415 ^ _22955_/Y (sg13g2_o21ai_1)
   0.003    0.155    0.136   21.551 v _22956_/Y (sg13g2_nand2_1)
   0.003    0.109    0.099   21.650 ^ _22964_/Y (sg13g2_nand4_1)
   0.005    0.224    0.120   21.770 v _22965_/Y (sg13g2_nand2_1)
   0.005    0.089    0.117   21.887 ^ _22968_/Y (sg13g2_nand2_1)
   0.003    0.068    0.165   22.052 ^ _22969_/X (sg13g2_mux2_1)
   0.001    0.090    0.147   22.199 ^ _38923_/X (sg13g2_mux2_1)
            0.090    0.000   22.199 ^ _41066_/D (sg13g2_dfrbpq_1)
                             22.199   data arrival time

            0.000   20.000   20.000   clock clk (rise edge)
                     0.000   20.000   clock network delay (ideal)
                     0.000   20.000   clock reconvergence pessimism
                             20.000 ^ _41066_/CLK (sg13g2_dfrbpq_1)
                    -0.224   19.776   library setup time
                             19.776   data required time
---------------------------------------------------------------------------
                             19.776   data required time
                            -22.199   data arrival time
---------------------------------------------------------------------------
                             -2.424   slack (VIOLATED)


